// Jest Snapshot v1, https://goo.gl/fbAQLP

exports[`Component: Modal should render correctly 1`] = `
.c0 {
  width: 100%;
  height: 100%;
  background: rgba(0,0,0,0.3);
  position: fixed;
  top: 0;
  left: 0;
  right: 0;
  bottom: 0;
  display: -webkit-box;
  display: -webkit-flex;
  display: -ms-flexbox;
  display: flex;
  -webkit-box-pack: center;
  -webkit-justify-content: center;
  -ms-flex-pack: center;
  justify-content: center;
  -webkit-align-items: center;
  -webkit-box-align: center;
  -ms-flex-align: center;
  align-items: center;
  -webkit-animation: jBcSpD 0.1s ease-in;
  animation: jBcSpD 0.1s ease-in;
}

.c1 {
  box-shadow: 0 5px 16px rgba(0,0,0,0.2);
  background: #FAFAFA;
  color: #333;
  position: relative;
  z-index: 10;
  border-radius: 10px;
  display: -webkit-box;
  display: -webkit-flex;
  display: -ms-flexbox;
  display: flex;
  -webkit-flex-direction: column;
  -ms-flex-direction: column;
  flex-direction: column;
  width: 700px;
  height: 540px;
  -webkit-animation: gRMlCK 0.2s ease-in;
  animation: gRMlCK 0.2s ease-in;
}

.c2 {
  border-bottom: 1px solid #EAEAEA;
  display: -webkit-box;
  display: -webkit-flex;
  display: -ms-flexbox;
  display: flex;
  -webkit-box-pack: center;
  -webkit-justify-content: center;
  -ms-flex-pack: center;
  justify-content: center;
  -webkit-align-items: center;
  -webkit-box-align: center;
  -ms-flex-align: center;
  align-items: center;
  padding: 1.6rem 0;
  position: relative;
}

.c2 .title {
  font-size: 2.0rem;
  color: #333;
  font-weight: 700;
}

.c2 .close-button {
  position: absolute;
  right: 0.8rem;
  border-radius: 50%;
  width: 3.6rem;
  height: 3.6rem;
  padding: 0;
  display: -webkit-box;
  display: -webkit-flex;
  display: -ms-flexbox;
  display: flex;
  -webkit-box-pack: center;
  -webkit-justify-content: center;
  -ms-flex-pack: center;
  justify-content: center;
  -webkit-align-items: center;
  -webkit-box-align: center;
  -ms-flex-align: center;
  align-items: center;
}

.c2 .close-button svg {
  width: 2rem;
}

.c2 .close-button span {
  display: none;
}

.c4 {
  display: inline-block;
  vertical-align: middle;
  overflow: hidden;
}

.c3 {
  cursor: pointer;
  outline: none;
  border: 1px solid transparent;
  border-radius: 0.4rem;
  -webkit-transition: all 0.3s ease-in-out;
  transition: all 0.3s ease-in-out;
  display: -webkit-box;
  display: -webkit-flex;
  display: -ms-flexbox;
  display: flex;
  -webkit-align-items: center;
  -webkit-box-align: center;
  -ms-flex-align: center;
  align-items: center;
  color: #444;
  background-color: #FAFAFA;
  border-color: #EAEAEA;
  height: 4rem;
  font-size: 1.4rem;
  padding: 0.8rem 3.2rem;
}

.c3:hover:not(:disabled) {
  background-color: #EAEAEA;
}

.c3:focus:not(:active) {
  box-shadow: 0 0 0 1px transparent,0 0 0 1px #EAEAEA;
}

.c3:disabled {
  opacity: 0.7;
  cursor: not-allowed;
}

.c3 svg {
  width: 1.6rem;
}

.c3 svg + span {
  margin-left: 0.8rem;
}

.c5 {
  -webkit-box-flex: 1;
  -webkit-flex-grow: 1;
  -ms-flex-positive: 1;
  flex-grow: 1;
  padding: 0 0.8rem;
  overflow-y: scroll;
}

.c5::-webkit-scrollbar {
  width: 4px;
}

.c5::-webkit-scrollbar-thumb {
  background: #333;
}

.c6 {
  border-top: 1px solid #EAEAEA;
  padding: 0.8rem;
}

<div
  class="c0"
>
  <div
    class="c1"
  >
    <div
      class="c2"
    >
      <h3
        class="title"
      >
        Modal Title
      </h3>
      <button
        aria-disabled="false"
        aria-label="Close modal"
        class="c3 close-button"
        color="primary"
      >
        <svg
          aria-hidden="true"
          class="c4"
          fill="currentColor"
          focusable="false"
          viewBox="0 0 50 50"
          xmlns="http://www.w3.org/2000/svg"
        >
          <path
            d="M37.304 11.282l1.414 1.414-26.022 26.02-1.414-1.413z"
          />
          <path
            d="M12.696 11.282l26.022 26.02-1.414 1.415-26.022-26.02z"
          />
        </svg>
        <span />
      </button>
    </div>
    <div
      class="c5"
    >
      <h1>
        My Content
      </h1>
    </div>
    <div
      class="c6"
    >
      <h1>
        Footer Content
      </h1>
    </div>
  </div>
</div>
`;
